
> galerie-joaquin-inventory-system@0.0.0 build
> vite build

[36mvite v6.4.1 [32mbuilding for production...[36m[39m
node.exe : 
At line:1 char:1
+ & "C:\Program Files\nodejs/node.exe" "C:\Program Files\nodejs/node_mo ...
+ ~~~~~~~~~~~~~~~~~~~~~~~~~~~~~~~~~~~~~~~~~~~~~~~~~~~~~~~~~~~~~~~~~~~~~
    + CategoryInfo          : NotSpecified: (:String) [], RemoteException
    + FullyQualifiedErrorId : NativeCommandError
 
/index.css doesn't exist at build time, it will remain unchanged to be resolved at runtime
transforming...
[32mΓ£ô[39m 3087 modules transformed.
rendering chunks...
computing gzip size...
[2mdist/[22m[32mindex.html                                [39m[1m[2m    2.70 kB[22m[1m[22m[2m Γöé gzip:   1.16 kB[22m
[2mdist/[22m[35massets/index-CwfHnFnw.css                 [39m[1m[2m  155.56 kB[22m[1m[22m[2m Γöé gzip:  21.37 kB[22m
[2mdist/[22m[36massets/chevron-down-DLL70iqY.js           [39m[1m[2m    0.30 kB[22m[1m[22m[2m Γöé gzip:   0.25 kB[22m
[2mdist/[22m[36massets/chevron-right-BdiMblbJ.js          [39m[1m[2m    0.30 kB[22m[1m[22m[2m Γöé gzip:   0.25 kB[22m
[2mdist/[22m[36massets/trending-up-DzbUW3if.js            [39m[1m[2m    0.35 kB[22m[1m[22m[2m Γöé gzip:   0.27 kB[22m
[2mdist/[22m[36massets/rotate-ccw-D8tyF30j.js             [39m[1m[2m    0.37 kB[22m[1m[22m[2m Γöé gzip:   0.29 kB[22m
[2mdist/[22m[36massets/circle-x-BSKg2KoS.js               [39m[1m[2m    0.38 kB[22m[1m[22m[2m Γöé gzip:   0.28 kB[22m
[2mdist/[22m[36massets/funnel-lDckGWUc.js                 [39m[1m[2m    0.43 kB[22m[1m[22m[2m Γöé gzip:   0.32 kB[22m
[2mdist/[22m[36massets/eye-CT3TSnco.js                    [39m[1m[2m    0.43 kB[22m[1m[22m[2m Γöé gzip:   0.31 kB[22m
[2mdist/[22m[36massets/calendar-BsOfpj5q.js               [39m[1m[2m    0.43 kB[22m[1m[22m[2m Γöé gzip:   0.31 kB[22m
[2mdist/[22m[36massets/phone-BVukmqKe.js                  [39m[1m[2m    0.50 kB[22m[1m[22m[2m Γöé gzip:   0.34 kB[22m
[2mdist/[22m[36massets/tag-BzwAhtU4.js                    [39m[1m[2m    0.50 kB[22m[1m[22m[2m Γöé gzip:   0.35 kB[22m
[2mdist/[22m[36massets/imageUtils-iAQUdEeV.js             [39m[1m[2m    0.51 kB[22m[1m[22m[2m Γöé gzip:   0.35 kB[22m
[2mdist/[22m[36massets/package-C4TskaIG.js                [39m[1m[2m    0.55 kB[22m[1m[22m[2m Γöé gzip:   0.36 kB[22m
[2mdist/[22m[36massets/layers-CUeHdmoC.js                 [39m[1m[2m    0.59 kB[22m[1m[22m[2m Γöé gzip:   0.34 kB[22m
[2mdist/[22m[36massets/gavel-MCuWtdKp.js                  [39m[1m[2m    0.87 kB[22m[1m[22m[2m Γöé gzip:   0.44 kB[22m
[2mdist/[22m[36massets/file-text-DXY5CIDd.js              [39m[1m[2m    0.88 kB[22m[1m[22m[2m Γöé gzip:   0.43 kB[22m
[2mdist/[22m[36massets/useActionProcessing-DX4l-57i.js    [39m[1m[2m    1.32 kB[22m[1m[22m[2m Γöé gzip:   0.70 kB[22m
[2mdist/[22m[36massets/map-pin-BIRQh--S.js                [39m[1m[2m    1.36 kB[22m[1m[22m[2m Γöé gzip:   0.56 kB[22m
[2mdist/[22m[36massets/wrench-BUBdhbp5.js                 [39m[1m[2m    1.66 kB[22m[1m[22m[2m Γöé gzip:   0.63 kB[22m
[2mdist/[22m[36massets/OptimizedImage-DdajU0-8.js         [39m[1m[2m    1.98 kB[22m[1m[22m[2m Γöé gzip:   0.96 kB[22m
[2mdist/[22m[36massets/GalleriaPage-CXAHlg2j.js           [39m[1m[2m    2.93 kB[22m[1m[22m[2m Γöé gzip:   1.21 kB[22m
[2mdist/[22m[36massets/CertificateModal-DyNYV0dM.js       [39m[1m[2m    8.62 kB[22m[1m[22m[2m Γöé gzip:   3.21 kB[22m
[2mdist/[22m[36massets/ChatPage-DZYywyVy.js               [39m[1m[2m   10.80 kB[22m[1m[22m[2m Γöé gzip:   3.24 kB[22m
[2mdist/[22m[36massets/LoginPage-DOxN8PLb.js              [39m[1m[2m   13.26 kB[22m[1m[22m[2m Γöé gzip:   3.99 kB[22m
[2mdist/[22m[36massets/TimeMachinePage-CY5rU6RX.js        [39m[1m[2m   16.22 kB[22m[1m[22m[2m Γöé gzip:   4.61 kB[22m
[2mdist/[22m[36massets/AuditLogsPage-T44xw6Lk.js          [39m[1m[2m   17.52 kB[22m[1m[22m[2m Γöé gzip:   4.62 kB[22m
[2mdist/[22m[36massets/ArtworkTransfer-Bm52Ft4u.js        [39m[1m[2m   17.91 kB[22m[1m[22m[2m Γöé gzip:   4.36 kB[22m
[2mdist/[22m[36massets/purify.es-C_uT9hQ1.js              [39m[1m[2m   21.98 kB[22m[1m[22m[2m Γöé gzip:   8.74 kB[22m
[2mdist/[22m[36massets/SalesRecordPage-D0NhsfJN.js        [39m[1m[2m   27.04 kB[22m[1m[22m[2m Γöé gzip:   6.15 kB[22m
[2mdist/[22m[36massets/ImportHistoryPage-COTAi7u8.js      [39m[1m[2m   27.78 kB[22m[1m[22m[2m Γöé gzip:   6.43 kB[22m
[2mdist/[22m[36massets/AccountManagement-C2Gjiain.js      [39m[1m[2m   29.50 kB[22m[1m[22m[2m Γöé gzip:   5.33 kB[22m
[2mdist/[22m[36massets/SalesApprovalPage-yBs2rVZB.js      [39m[1m[2m   34.87 kB[22m[1m[22m[2m Γöé gzip:   7.64 kB[22m
[2mdist/[22m[36massets/Dashboard-CoKwYVnh.js              [39m[1m[2m   50.84 kB[22m[1m[22m[2m Γöé gzip:  13.41 kB[22m
[2mdist/[22m[36massets/AnalyticsPage-CqSvEtid.js          [39m[1m[2m   52.92 kB[22m[1m[22m[2m Γöé gzip:  15.33 kB[22m
[2mdist/[22m[36massets/MasterView-BZluS5JP.js             [39m[1m[2m  107.91 kB[22m[1m[22m[2m Γöé gzip:  19.68 kB[22m
[2mdist/[22m[36massets/GalleryManagementPage-D6YZUTkB.js  [39m[1m[2m  147.12 kB[22m[1m[22m[2m Γöé gzip:  29.05 kB[22m
[2mdist/[22m[36massets/index.es-D2fqiq6s.js               [39m[1m[2m  159.39 kB[22m[1m[22m[2m Γöé gzip:  53.43 kB[22m
[2mdist/[22m[36massets/BranchManagement-DwBk4oAm.js       [39m[1m[2m  160.67 kB[22m[1m[22m[2m Γöé gzip:  32.66 kB[22m
[2mdist/[22m[36massets/html2canvas.esm-QH1iLAAe.js        [39m[1m[2m  202.38 kB[22m[1m[22m[2m Γöé gzip:  48.04 kB[22m
[2mdist/[22m[36massets/xlsx-3SA47z_C.js                   [39m[1m[2m  283.10 kB[22m[1m[22m[2m Γöé gzip:  95.06 kB[22m
[2mdist/[22m[36massets/CategoricalChart-BH7PyXoV.js       [39m[1m[2m  301.74 kB[22m[1m[22m[2m Γöé gzip:  93.51 kB[22m
[2mdist/[22m[36massets/jspdf.es.min-DTR6c8lw.js           [39m[1m[2m  358.16 kB[22m[1m[22m[2m Γöé gzip: 118.09 kB[22m
[2mdist/[22m[36massets/index-CQJmSLeH.js                  [39m[1m[2m  698.72 kB[22m[1m[22m[2m Γöé gzip: 202.78 kB[22m
[2mdist/[22m[36massets/Inventory-DIRG_Tk2.js              [39m[1m[33m1,011.32 kB[39m[22m[2m Γöé gzip: 288.14 kB[22m
[33m
(!) Some chunks are larger than 1000 kB after minification. Consider:
- Using dynamic import() to code-split the application
- Use build.rollupOptions.output.manualChunks to improve chunking: 
https://rollupjs.org/configuration-options/#output-manualchunks
- Adjust chunk size limit for this warning via build.chunkSizeWarningLimit.[39m
[32mΓ£ô built in 8.74s[39m
