src/hooks/useArtworkOperations.ts(325,17): error TS2345: Argument of type '(prev: Artwork[]) => (Artwork | { status: ArtworkStatus; remarks: string; reservationExpiry: undefined; reservedForEventId: null; reservedForEventName: null; ... 19 more ...; deletedAt?: string | undefined; })[]' is not assignable to parameter of type 'SetStateAction<Artwork[]>'.
  Type '(prev: Artwork[]) => (Artwork | { status: ArtworkStatus; remarks: string; reservationExpiry: undefined; reservedForEventId: null; reservedForEventName: null; ... 19 more ...; deletedAt?: string | undefined; })[]' is not assignable to type '(prevState: Artwork[]) => Artwork[]'.
    Type '(Artwork | { status: ArtworkStatus; remarks: string; reservationExpiry: undefined; reservedForEventId: null; reservedForEventName: null; id: string; code: string; ... 17 more ...; deletedAt?: string | undefined; })[]' is not assignable to type 'Artwork[]'.
      Type 'Artwork | { status: ArtworkStatus; remarks: string; reservationExpiry: undefined; reservedForEventId: null; reservedForEventName: null; id: string; code: string; ... 17 more ...; deletedAt?: string | undefined; }' is not assignable to type 'Artwork'.
        Type '{ status: ArtworkStatus; remarks: string; reservationExpiry: undefined; reservedForEventId: null; reservedForEventName: null; id: string; code: string; title: string; artist: string; ... 15 more ...; deletedAt?: string; }' is not assignable to type 'Artwork'.
          Types of property 'reservedForEventId' are incompatible.
            Type 'null' is not assignable to type 'string | undefined'.
src/hooks/useArtworkOperations.ts(326,36): error TS2345: Argument of type '(prev: Artwork[]) => (Artwork | { status: ArtworkStatus; remarks: string; reservationExpiry: undefined; reservedForEventId: null; reservedForEventName: null; ... 19 more ...; deletedAt?: string | undefined; })[]' is not assignable to parameter of type 'SetStateAction<Artwork[]>'.
  Type '(prev: Artwork[]) => (Artwork | { status: ArtworkStatus; remarks: string; reservationExpiry: undefined; reservedForEventId: null; reservedForEventName: null; ... 19 more ...; deletedAt?: string | undefined; })[]' is not assignable to type '(prevState: Artwork[]) => Artwork[]'.
    Type '(Artwork | { status: ArtworkStatus; remarks: string; reservationExpiry: undefined; reservedForEventId: null; reservedForEventName: null; id: string; code: string; ... 17 more ...; deletedAt?: string | undefined; })[]' is not assignable to type 'Artwork[]'.
      Type 'Artwork | { status: ArtworkStatus; remarks: string; reservationExpiry: undefined; reservedForEventId: null; reservedForEventName: null; id: string; code: string; ... 17 more ...; deletedAt?: string | undefined; }' is not assignable to type 'Artwork'.
        Type '{ status: ArtworkStatus; remarks: string; reservationExpiry: undefined; reservedForEventId: null; reservedForEventName: null; id: string; code: string; title: string; artist: string; ... 15 more ...; deletedAt?: string; }' is not assignable to type 'Artwork'.
          Types of property 'reservedForEventId' are incompatible.
            Type 'null' is not assignable to type 'string | undefined'.
src/hooks/useArtworkOperations.ts(327,50): error TS2345: Argument of type '{ status: ArtworkStatus; remarks: string; reservationExpiry: undefined; reservedForEventId: null; reservedForEventName: null; id: string; code: string; title: string; artist: string; ... 15 more ...; deletedAt?: string; }' is not assignable to parameter of type 'Partial<Artwork>'.
  Types of property 'reservedForEventId' are incompatible.
    Type 'null' is not assignable to type 'string | undefined'.
src/hooks/useArtworkOperations.ts(328,43): error TS2345: Argument of type '{ status: ArtworkStatus; remarks: string; reservationExpiry: undefined; reservedForEventId: null; reservedForEventName: null; }' is not assignable to parameter of type 'Partial<Artwork>'.
  Types of property 'reservedForEventId' are incompatible.
    Type 'null' is not assignable to type 'string | undefined'.
src/hooks/useArtworkOperations.ts(346,17): error TS2345: Argument of type '(prev: Artwork[]) => (Artwork | { status: ArtworkStatus; remarks: string; reservationExpiry: undefined; reservedForEventId: null; reservedForEventName: null; ... 19 more ...; deletedAt?: string | undefined; })[]' is not assignable to parameter of type 'SetStateAction<Artwork[]>'.
  Type '(prev: Artwork[]) => (Artwork | { status: ArtworkStatus; remarks: string; reservationExpiry: undefined; reservedForEventId: null; reservedForEventName: null; ... 19 more ...; deletedAt?: string | undefined; })[]' is not assignable to type '(prevState: Artwork[]) => Artwork[]'.
    Type '(Artwork | { status: ArtworkStatus; remarks: string; reservationExpiry: undefined; reservedForEventId: null; reservedForEventName: null; id: string; code: string; ... 17 more ...; deletedAt?: string | undefined; })[]' is not assignable to type 'Artwork[]'.
      Type 'Artwork | { status: ArtworkStatus; remarks: string; reservationExpiry: undefined; reservedForEventId: null; reservedForEventName: null; id: string; code: string; ... 17 more ...; deletedAt?: string | undefined; }' is not assignable to type 'Artwork'.
        Type '{ status: ArtworkStatus; remarks: string; reservationExpiry: undefined; reservedForEventId: null; reservedForEventName: null; id: string; code: string; title: string; artist: string; ... 15 more ...; deletedAt?: string; }' is not assignable to type 'Artwork'.
          Types of property 'reservedForEventId' are incompatible.
            Type 'null' is not assignable to type 'string | undefined'.
src/hooks/useArtworkOperations.ts(347,36): error TS2345: Argument of type '(prev: Artwork[]) => (Artwork | { status: ArtworkStatus; remarks: string; reservationExpiry: undefined; reservedForEventId: null; reservedForEventName: null; ... 19 more ...; deletedAt?: string | undefined; })[]' is not assignable to parameter of type 'SetStateAction<Artwork[]>'.
  Type '(prev: Artwork[]) => (Artwork | { status: ArtworkStatus; remarks: string; reservationExpiry: undefined; reservedForEventId: null; reservedForEventName: null; ... 19 more ...; deletedAt?: string | undefined; })[]' is not assignable to type '(prevState: Artwork[]) => Artwork[]'.
    Type '(Artwork | { status: ArtworkStatus; remarks: string; reservationExpiry: undefined; reservedForEventId: null; reservedForEventName: null; id: string; code: string; ... 17 more ...; deletedAt?: string | undefined; })[]' is not assignable to type 'Artwork[]'.
      Type 'Artwork | { status: ArtworkStatus; remarks: string; reservationExpiry: undefined; reservedForEventId: null; reservedForEventName: null; id: string; code: string; ... 17 more ...; deletedAt?: string | undefined; }' is not assignable to type 'Artwork'.
        Type '{ status: ArtworkStatus; remarks: string; reservationExpiry: undefined; reservedForEventId: null; reservedForEventName: null; id: string; code: string; title: string; artist: string; ... 15 more ...; deletedAt?: string; }' is not assignable to type 'Artwork'.
          Types of property 'reservedForEventId' are incompatible.
            Type 'null' is not assignable to type 'string | undefined'.
src/hooks/useArtworkOperations.ts(837,17): error TS2345: Argument of type '(prev: Artwork[]) => (Artwork | { status: ArtworkStatus; deletedAt: string | undefined; remarks: string; reservedForEventId: null; reservedForEventName: null; ... 19 more ...; soldAtBranch?: string | undefined; })[]' is not assignable to parameter of type 'SetStateAction<Artwork[]>'.
  Type '(prev: Artwork[]) => (Artwork | { status: ArtworkStatus; deletedAt: string | undefined; remarks: string; reservedForEventId: null; reservedForEventName: null; ... 19 more ...; soldAtBranch?: string | undefined; })[]' is not assignable to type '(prevState: Artwork[]) => Artwork[]'.
    Type '(Artwork | { status: ArtworkStatus; deletedAt: string | undefined; remarks: string; reservedForEventId: null; reservedForEventName: null; reservationExpiry: undefined; ... 18 more ...; soldAtBranch?: string | undefined; })[]' is not assignable to type 'Artwork[]'.
      Type 'Artwork | { status: ArtworkStatus; deletedAt: string | undefined; remarks: string; reservedForEventId: null; reservedForEventName: null; reservationExpiry: undefined; ... 18 more ...; soldAtBranch?: string | undefined; }' is not assignable to type 'Artwork'.
        Type '{ status: ArtworkStatus; deletedAt: string | undefined; remarks: string; reservedForEventId: null; reservedForEventName: null; reservationExpiry: undefined; id: string; ... 17 more ...; soldAtBranch?: string; }' is not assignable to type 'Artwork'.
          Types of property 'reservedForEventId' are incompatible.
            Type 'null' is not assignable to type 'string | undefined'.
src/hooks/useArtworkOperations.ts(838,36): error TS2345: Argument of type '(prev: Artwork[]) => (Artwork | { status: ArtworkStatus; deletedAt: string | undefined; remarks: string; reservedForEventId: null; reservedForEventName: null; ... 19 more ...; soldAtBranch?: string | undefined; })[]' is not assignable to parameter of type 'SetStateAction<Artwork[]>'.
  Type '(prev: Artwork[]) => (Artwork | { status: ArtworkStatus; deletedAt: string | undefined; remarks: string; reservedForEventId: null; reservedForEventName: null; ... 19 more ...; soldAtBranch?: string | undefined; })[]' is not assignable to type '(prevState: Artwork[]) => Artwork[]'.
    Type '(Artwork | { status: ArtworkStatus; deletedAt: string | undefined; remarks: string; reservedForEventId: null; reservedForEventName: null; reservationExpiry: undefined; ... 18 more ...; soldAtBranch?: string | undefined; })[]' is not assignable to type 'Artwork[]'.
      Type 'Artwork | { status: ArtworkStatus; deletedAt: string | undefined; remarks: string; reservedForEventId: null; reservedForEventName: null; reservationExpiry: undefined; ... 18 more ...; soldAtBranch?: string | undefined; }' is not assignable to type 'Artwork'.
        Type '{ status: ArtworkStatus; deletedAt: string | undefined; remarks: string; reservedForEventId: null; reservedForEventName: null; reservationExpiry: undefined; id: string; ... 17 more ...; soldAtBranch?: string; }' is not assignable to type 'Artwork'.
          Types of property 'reservedForEventId' are incompatible.
            Type 'null' is not assignable to type 'string | undefined'.
src/hooks/useArtworkOperations.ts(839,96): error TS2345: Argument of type '{ status: ArtworkStatus; deletedAt: string | undefined; remarks: string; reservedForEventId: null; reservedForEventName: null; reservationExpiry: undefined; id: string; ... 17 more ...; soldAtBranch?: string; }' is not assignable to parameter of type 'Partial<Artwork>'.
  Types of property 'reservedForEventId' are incompatible.
    Type 'null' is not assignable to type 'string | undefined'.
src/hooks/useArtworkOperations.ts(918,17): error TS2345: Argument of type '(prev: Artwork[]) => (Artwork | { status: ArtworkStatus; deletedAt: string | undefined; updatedAt: string; remarks: string; reservedForEventId: null; ... 20 more ...; soldAtBranch?: string | undefined; })[]' is not assignable to parameter of type 'SetStateAction<Artwork[]>'.
  Type '(prev: Artwork[]) => (Artwork | { status: ArtworkStatus; deletedAt: string | undefined; updatedAt: string; remarks: string; reservedForEventId: null; ... 20 more ...; soldAtBranch?: string | undefined; })[]' is not assignable to type '(prevState: Artwork[]) => Artwork[]'.
    Type '(Artwork | { status: ArtworkStatus; deletedAt: string | undefined; updatedAt: string; remarks: string; reservedForEventId: null; reservedForEventName: null; ... 19 more ...; soldAtBranch?: string | undefined; })[]' is not assignable to type 'Artwork[]'.
      Type 'Artwork | { status: ArtworkStatus; deletedAt: string | undefined; updatedAt: string; remarks: string; reservedForEventId: null; reservedForEventName: null; ... 19 more ...; soldAtBranch?: string | undefined; }' is not assignable to type 'Artwork'.
        Type '{ status: ArtworkStatus; deletedAt: string | undefined; updatedAt: string; remarks: string; reservedForEventId: null; reservedForEventName: null; reservationExpiry: undefined; ... 18 more ...; soldAtBranch?: string; }' is not assignable to type 'Artwork'.
          Types of property 'reservedForEventId' are incompatible.
            Type 'null' is not assignable to type 'string | undefined'.
src/hooks/useArtworkOperations.ts(922,36): error TS2345: Argument of type '(prev: Artwork[]) => (Artwork | { status: ArtworkStatus; deletedAt: string | undefined; updatedAt: string; remarks: string; reservedForEventId: null; ... 20 more ...; soldAtBranch?: string | undefined; })[]' is not assignable to parameter of type 'SetStateAction<Artwork[]>'.
  Type '(prev: Artwork[]) => (Artwork | { status: ArtworkStatus; deletedAt: string | undefined; updatedAt: string; remarks: string; reservedForEventId: null; ... 20 more ...; soldAtBranch?: string | undefined; })[]' is not assignable to type '(prevState: Artwork[]) => Artwork[]'.
    Type '(Artwork | { status: ArtworkStatus; deletedAt: string | undefined; updatedAt: string; remarks: string; reservedForEventId: null; reservedForEventName: null; ... 19 more ...; soldAtBranch?: string | undefined; })[]' is not assignable to type 'Artwork[]'.
      Type 'Artwork | { status: ArtworkStatus; deletedAt: string | undefined; updatedAt: string; remarks: string; reservedForEventId: null; reservedForEventName: null; ... 19 more ...; soldAtBranch?: string | undefined; }' is not assignable to type 'Artwork'.
        Type '{ status: ArtworkStatus; deletedAt: string | undefined; updatedAt: string; remarks: string; reservedForEventId: null; reservedForEventName: null; reservationExpiry: undefined; ... 18 more ...; soldAtBranch?: string; }' is not assignable to type 'Artwork'.
          Types of property 'reservedForEventId' are incompatible.
            Type 'null' is not assignable to type 'string | undefined'.
src/hooks/useArtworkOperations.ts(931,129): error TS2345: Argument of type '{ status: ArtworkStatus; deletedAt: string | undefined; updatedAt: string; remarks: string; reservedForEventId: null; reservedForEventName: null; reservationExpiry: undefined; ... 18 more ...; soldAtBranch?: string; }' is not assignable to parameter of type 'Partial<Artwork>'.
  Types of property 'reservedForEventId' are incompatible.
    Type 'null' is not assignable to type 'string | undefined'.
src/hooks/useArtworkOperations.ts(1096,17): error TS2345: Argument of type '(prev: Artwork[]) => (Artwork | { status: ArtworkStatus.AVAILABLE; currentBranch: string; remarks: string; reservedForEventId: null; reservedForEventName: null; ... 19 more ...; deletedAt?: string | undefined; })[]' is not assignable to parameter of type 'SetStateAction<Artwork[]>'.
  Type '(prev: Artwork[]) => (Artwork | { status: ArtworkStatus.AVAILABLE; currentBranch: string; remarks: string; reservedForEventId: null; reservedForEventName: null; ... 19 more ...; deletedAt?: string | undefined; })[]' is not assignable to type '(prevState: Artwork[]) => Artwork[]'.
    Type '(Artwork | { status: ArtworkStatus.AVAILABLE; currentBranch: string; remarks: string; reservedForEventId: null; reservedForEventName: null; reservationExpiry: undefined; ... 18 more ...; deletedAt?: string | undefined; })[]' is not assignable to type 'Artwork[]'.
      Type 'Artwork | { status: ArtworkStatus.AVAILABLE; currentBranch: string; remarks: string; reservedForEventId: null; reservedForEventName: null; reservationExpiry: undefined; ... 18 more ...; deletedAt?: string | undefined; }' is not assignable to type 'Artwork'.
        Type '{ status: ArtworkStatus.AVAILABLE; currentBranch: string; remarks: string; reservedForEventId: null; reservedForEventName: null; reservationExpiry: undefined; id: string; code: string; ... 16 more ...; deletedAt?: string; }' is not assignable to type 'Artwork'.
          Types of property 'reservedForEventId' are incompatible.
            Type 'null' is not assignable to type 'string | undefined'.
src/hooks/useArtworkOperations.ts(1107,36): error TS2345: Argument of type '(prev: Artwork[]) => (Artwork | { status: ArtworkStatus.AVAILABLE; currentBranch: string; remarks: string; reservedForEventId: null; reservedForEventName: null; ... 19 more ...; deletedAt?: string | undefined; })[]' is not assignable to parameter of type 'SetStateAction<Artwork[]>'.
  Type '(prev: Artwork[]) => (Artwork | { status: ArtworkStatus.AVAILABLE; currentBranch: string; remarks: string; reservedForEventId: null; reservedForEventName: null; ... 19 more ...; deletedAt?: string | undefined; })[]' is not assignable to type '(prevState: Artwork[]) => Artwork[]'.
    Type '(Artwork | { status: ArtworkStatus.AVAILABLE; currentBranch: string; remarks: string; reservedForEventId: null; reservedForEventName: null; reservationExpiry: undefined; ... 18 more ...; deletedAt?: string | undefined; })[]' is not assignable to type 'Artwork[]'.
      Type 'Artwork | { status: ArtworkStatus.AVAILABLE; currentBranch: string; remarks: string; reservedForEventId: null; reservedForEventName: null; reservationExpiry: undefined; ... 18 more ...; deletedAt?: string | undefined; }' is not assignable to type 'Artwork'.
        Type '{ status: ArtworkStatus.AVAILABLE; currentBranch: string; remarks: string; reservedForEventId: null; reservedForEventName: null; reservationExpiry: undefined; id: string; code: string; ... 16 more ...; deletedAt?: string; }' is not assignable to type 'Artwork'.
          Types of property 'reservedForEventId' are incompatible.
            Type 'null' is not assignable to type 'string | undefined'.
src/hooks/useArtworkOperations.ts(1122,7): error TS2322: Type 'null' is not assignable to type 'string | undefined'.
src/hooks/useArtworkOperations.ts(1123,7): error TS2322: Type 'null' is not assignable to type 'string | undefined'.
src/hooks/useArtworkOperations.ts(1206,17): error TS2345: Argument of type '(prev: Artwork[]) => (Artwork | { status: ArtworkStatus; currentBranch: string; deletedAt: undefined; remarks: string; reservedForEventId: null; reservedForEventName: null; ... 18 more ...; soldAtBranch?: string | undefined; })[]' is not assignable to parameter of type 'SetStateAction<Artwork[]>'.
  Type '(prev: Artwork[]) => (Artwork | { status: ArtworkStatus; currentBranch: string; deletedAt: undefined; remarks: string; reservedForEventId: null; reservedForEventName: null; ... 18 more ...; soldAtBranch?: string | undefined; })[]' is not assignable to type '(prevState: Artwork[]) => Artwork[]'.
    Type '(Artwork | { status: ArtworkStatus; currentBranch: string; deletedAt: undefined; remarks: string; reservedForEventId: null; reservedForEventName: null; reservationExpiry: undefined; ... 17 more ...; soldAtBranch?: string | undefined; })[]' is not assignable to type 'Artwork[]'.
      Type 'Artwork | { status: ArtworkStatus; currentBranch: string; deletedAt: undefined; remarks: string; reservedForEventId: null; reservedForEventName: null; reservationExpiry: undefined; ... 17 more ...; soldAtBranch?: string | undefined; }' is not assignable to type 'Artwork'.
        Type '{ status: ArtworkStatus; currentBranch: string; deletedAt: undefined; remarks: string; reservedForEventId: null; reservedForEventName: null; reservationExpiry: undefined; ... 17 more ...; soldAtBranch?: string; }' is not assignable to type 'Artwork'.
          Types of property 'reservedForEventId' are incompatible.
            Type 'null' is not assignable to type 'string | undefined'.
src/hooks/useArtworkOperations.ts(1212,36): error TS2345: Argument of type '(prev: Artwork[]) => (Artwork | { status: ArtworkStatus; currentBranch: string; deletedAt: undefined; remarks: string; reservedForEventId: null; reservedForEventName: null; ... 18 more ...; soldAtBranch?: string | undefined; })[]' is not assignable to parameter of type 'SetStateAction<Artwork[]>'.
  Type '(prev: Artwork[]) => (Artwork | { status: ArtworkStatus; currentBranch: string; deletedAt: undefined; remarks: string; reservedForEventId: null; reservedForEventName: null; ... 18 more ...; soldAtBranch?: string | undefined; })[]' is not assignable to type '(prevState: Artwork[]) => Artwork[]'.
    Type '(Artwork | { status: ArtworkStatus; currentBranch: string; deletedAt: undefined; remarks: string; reservedForEventId: null; reservedForEventName: null; reservationExpiry: undefined; ... 17 more ...; soldAtBranch?: string | undefined; })[]' is not assignable to type 'Artwork[]'.
      Type 'Artwork | { status: ArtworkStatus; currentBranch: string; deletedAt: undefined; remarks: string; reservedForEventId: null; reservedForEventName: null; reservationExpiry: undefined; ... 17 more ...; soldAtBranch?: string | undefined; }' is not assignable to type 'Artwork'.
        Type '{ status: ArtworkStatus; currentBranch: string; deletedAt: undefined; remarks: string; reservedForEventId: null; reservedForEventName: null; reservationExpiry: undefined; ... 17 more ...; soldAtBranch?: string; }' is not assignable to type 'Artwork'.
          Types of property 'reservedForEventId' are incompatible.
            Type 'null' is not assignable to type 'string | undefined'.
src/pages/MonitoringSummaryPage.tsx(876,106): error TS2304: Cannot find name 'ShoppingBag'.
src/pages/MonitoringSummaryPage.tsx(936,35): error TS2304: Cannot find name 'ShoppingBag'.
